2025-04-04 05:53:49.275237 - Received CBT.V508.FILE197.PDS from FILE197.XMI 
2025-04-04 05:53:49.277692 - Found $$$$DOC.txt (text/plain) in CBT.V508.FILE197.PDS, moved to PDS/$$$$DOC
2025-04-04 05:53:49.277845 - Found $$$#DATE.txt (text/plain) in CBT.V508.FILE197.PDS, moved to PDS/$$$#DATE
2025-04-04 05:53:49.278002 - Found ##DSECTS.jcl (text/plain) in CBT.V508.FILE197.PDS, moved to PDS/##DSECTS
2025-04-04 05:53:49.278142 - Found ##DSECT1.jcl (text/plain) in CBT.V508.FILE197.PDS, moved to PDS/##DSECT1
2025-04-04 05:53:49.278279 - Found ##DSECT2.jcl (text/plain) in CBT.V508.FILE197.PDS, moved to PDS/##DSECT2
2025-04-04 05:53:49.278411 - Found ##DSECVB.jcl (text/plain) in CBT.V508.FILE197.PDS, moved to PDS/##DSECVB
2025-04-04 05:53:49.278544 - Found #TRN2740.jcl (text/plain) in CBT.V508.FILE197.PDS, moved to PDS/#TRN2740
2025-04-04 05:53:49.278663 - Found @FILE197.txt (text/plain) in CBT.V508.FILE197.PDS, moved to PDS/@FILE197
2025-04-04 05:53:49.278784 - Found ADCTR.jcl (text/plain) in CBT.V508.FILE197.PDS, moved to PDS/ADCTR
2025-04-04 05:53:49.278902 - Found ADCTRDSP.jcl (text/plain) in CBT.V508.FILE197.PDS, moved to PDS/ADCTRDSP
2025-04-04 05:53:49.279013 - Found DFSADBC0.jcl (text/plain) in CBT.V508.FILE197.PDS, moved to PDS/DFSADBC0
2025-04-04 05:53:49.279128 - Found DFSADCC0.jcl (text/plain) in CBT.V508.FILE197.PDS, moved to PDS/DFSADCC0
2025-04-04 05:53:49.279246 - Found DFSAOS10.jcl (text/plain) in CBT.V508.FILE197.PDS, moved to PDS/DFSAOS10
2025-04-04 05:53:49.279365 - Found DFSAOS7S.jcl (text/plain) in CBT.V508.FILE197.PDS, moved to PDS/DFSAOS7S
2025-04-04 05:53:49.279472 - Found DFSAOS70.jcl (text/plain) in CBT.V508.FILE197.PDS, moved to PDS/DFSAOS70
2025-04-04 05:53:49.279610 - Found DFSAOUEH.jcl (text/plain) in CBT.V508.FILE197.PDS, moved to PDS/DFSAOUEH
2025-04-04 05:53:49.279745 - Found DFSCBT10.jcl (text/plain) in CBT.V508.FILE197.PDS, moved to PDS/DFSCBT10
2025-04-04 05:53:49.279871 - Found DFSCFE80.jcl (text/plain) in CBT.V508.FILE197.PDS, moved to PDS/DFSCFE80
2025-04-04 05:53:49.279986 - Found DFSCKWD0.jcl (text/plain) in CBT.V508.FILE197.PDS, moved to PDS/DFSCKWD0
2025-04-04 05:53:49.280138 - Found DFSCOFC0.jcl (text/plain) in CBT.V508.FILE197.PDS, moved to PDS/DFSCOFC0
2025-04-04 05:53:49.280256 - Found DFSCPY00.jcl (text/plain) in CBT.V508.FILE197.PDS, moved to PDS/DFSCPY00
2025-04-04 05:53:49.280386 - Found DFSDBH10.jcl (text/plain) in CBT.V508.FILE197.PDS, moved to PDS/DFSDBH10
2025-04-04 05:53:49.280498 - Found DFSDBH20.jcl (text/plain) in CBT.V508.FILE197.PDS, moved to PDS/DFSDBH20
2025-04-04 05:53:49.280629 - Found DFSDBH30.jcl (text/plain) in CBT.V508.FILE197.PDS, moved to PDS/DFSDBH30
2025-04-04 05:53:49.280746 - Found DFSDISM0.jcl (text/plain) in CBT.V508.FILE197.PDS, moved to PDS/DFSDISM0
2025-04-04 05:53:49.280861 - Found DFSDLA00.jcl (text/plain) in CBT.V508.FILE197.PDS, moved to PDS/DFSDLA00
2025-04-04 05:53:49.280969 - Found DFSDLA30.jcl (text/plain) in CBT.V508.FILE197.PDS, moved to PDS/DFSDLA30
2025-04-04 05:53:49.281099 - Found DFSDVBH0.jcl (text/plain) in CBT.V508.FILE197.PDS, moved to PDS/DFSDVBH0
2025-04-04 05:53:49.281225 - Found DFSDVSM0.jcl (text/plain) in CBT.V508.FILE197.PDS, moved to PDS/DFSDVSM0
2025-04-04 05:53:49.281332 - Found DFSFXC30.jcl (text/plain) in CBT.V508.FILE197.PDS, moved to PDS/DFSFXC30
2025-04-04 05:53:49.281444 - Found DFSICIO0.jcl (text/plain) in CBT.V508.FILE197.PDS, moved to PDS/DFSICIO0
2025-04-04 05:53:49.281551 - Found DFSICL70.jcl (text/plain) in CBT.V508.FILE197.PDS, moved to PDS/DFSICL70
2025-04-04 05:53:49.281672 - Found DFSIDP00.jcl (text/plain) in CBT.V508.FILE197.PDS, moved to PDS/DFSIDP00
2025-04-04 05:53:49.281796 - Found DFSIDP20.jcl (text/plain) in CBT.V508.FILE197.PDS, moved to PDS/DFSIDP20
2025-04-04 05:53:49.281924 - Found DFSIDP30.jcl (text/plain) in CBT.V508.FILE197.PDS, moved to PDS/DFSIDP30
2025-04-04 05:53:49.282035 - Found DFSIDP40.jcl (text/plain) in CBT.V508.FILE197.PDS, moved to PDS/DFSIDP40
2025-04-04 05:53:49.282194 - Found DFSIDSPH.jcl (text/plain) in CBT.V508.FILE197.PDS, moved to PDS/DFSIDSPH
2025-04-04 05:53:49.282306 - Found DFSIINS0.jcl (text/plain) in CBT.V508.FILE197.PDS, moved to PDS/DFSIINS0
2025-04-04 05:53:49.282413 - Found DFSMODU0.jcl (text/plain) in CBT.V508.FILE197.PDS, moved to PDS/DFSMODU0
2025-04-04 05:53:49.282527 - Found DFSPCC20.jcl (text/plain) in CBT.V508.FILE197.PDS, moved to PDS/DFSPCC20
2025-04-04 05:53:49.282639 - Found DFSPIL00.jcl (text/plain) in CBT.V508.FILE197.PDS, moved to PDS/DFSPIL00
2025-04-04 05:53:49.282761 - Found DFSPSTB0.jcl (text/plain) in CBT.V508.FILE197.PDS, moved to PDS/DFSPSTB0
2025-04-04 05:53:49.282873 - Found DFSRRA40.jcl (text/plain) in CBT.V508.FILE197.PDS, moved to PDS/DFSRRA40
2025-04-04 05:53:49.282982 - Found DFSRRC10.jcl (text/plain) in CBT.V508.FILE197.PDS, moved to PDS/DFSRRC10
2025-04-04 05:53:49.283129 - Found DFSSABN0.jcl (text/plain) in CBT.V508.FILE197.PDS, moved to PDS/DFSSABN0
2025-04-04 05:53:49.283237 - Found DFSSBMP0.jcl (text/plain) in CBT.V508.FILE197.PDS, moved to PDS/DFSSBMP0
2025-04-04 05:53:49.283343 - Found DFSSMIC0.jcl (text/plain) in CBT.V508.FILE197.PDS, moved to PDS/DFSSMIC0
2025-04-04 05:53:49.283451 - Found DFSSMSC0.jcl (text/plain) in CBT.V508.FILE197.PDS, moved to PDS/DFSSMSC0
2025-04-04 05:53:49.283561 - Found DFSSTAT0.jcl (text/plain) in CBT.V508.FILE197.PDS, moved to PDS/DFSSTAT0
2025-04-04 05:53:49.283673 - Found DFSUARP0.jcl (text/plain) in CBT.V508.FILE197.PDS, moved to PDS/DFSUARP0
2025-04-04 05:53:49.283798 - Found ILOGREC.jcl (text/plain) in CBT.V508.FILE197.PDS, moved to PDS/ILOGREC
2025-04-04 05:53:49.283962 - Found IMRUTRN6.jcl (text/plain) in CBT.V508.FILE197.PDS, moved to PDS/IMRUTRN6
2025-04-04 05:53:49.284072 - Found MRSELECT.jcl (text/plain) in CBT.V508.FILE197.PDS, moved to PDS/MRSELECT
2025-04-04 05:53:49.284238 - Found NARAO200.jcl (text/plain) in CBT.V508.FILE197.PDS, moved to PDS/NARAO200
2025-04-04 05:53:49.284380 - Found NARBGN20.jcl (text/plain) in CBT.V508.FILE197.PDS, moved to PDS/NARBGN20
2025-04-04 05:53:49.284493 - Found NARBGN40.jcl (text/plain) in CBT.V508.FILE197.PDS, moved to PDS/NARBGN40
2025-04-04 05:53:49.284601 - Found NARCPY.jcl (text/plain) in CBT.V508.FILE197.PDS, moved to PDS/NARCPY
2025-04-04 05:53:49.284712 - Found NARILOG7.jcl (text/plain) in CBT.V508.FILE197.PDS, moved to PDS/NARILOG7
2025-04-04 05:53:49.284834 - Found NARPARMS.jcl (text/plain) in CBT.V508.FILE197.PDS, moved to PDS/NARPARMS
2025-04-04 05:53:49.284955 - Found NARPRM.jcl (text/plain) in CBT.V508.FILE197.PDS, moved to PDS/NARPRM
2025-04-04 05:53:49.285065 - Found NARPST.jcl (text/plain) in CBT.V508.FILE197.PDS, moved to PDS/NARPST
2025-04-04 05:53:49.285190 - Found NARPSTF.jcl (text/plain) in CBT.V508.FILE197.PDS, moved to PDS/NARPSTF
2025-04-04 05:53:49.285301 - Found NARPST00.jcl (text/plain) in CBT.V508.FILE197.PDS, moved to PDS/NARPST00
2025-04-04 05:53:49.285458 - Found NARSCD.jcl (text/plain) in CBT.V508.FILE197.PDS, moved to PDS/NARSCD
2025-04-04 05:53:49.285566 - Found NARSCDF.jcl (text/plain) in CBT.V508.FILE197.PDS, moved to PDS/NARSCDF
2025-04-04 05:53:49.285680 - Found NARSCD00.jcl (text/plain) in CBT.V508.FILE197.PDS, moved to PDS/NARSCD00
2025-04-04 05:53:49.285791 - Found NARSEC.jcl (text/plain) in CBT.V508.FILE197.PDS, moved to PDS/NARSEC
2025-04-04 05:53:49.285912 - Found NARSEPAR.jcl (text/plain) in CBT.V508.FILE197.PDS, moved to PDS/NARSEPAR
2025-04-04 05:53:49.286031 - Found NARSTAE0.jcl (text/plain) in CBT.V508.FILE197.PDS, moved to PDS/NARSTAE0
2025-04-04 05:53:49.286151 - Found PRSCEXIT.jcl (text/plain) in CBT.V508.FILE197.PDS, moved to PDS/PRSCEXIT
2025-04-04 05:53:49.286265 - Found WAITDC1A.jcl (text/plain) in CBT.V508.FILE197.PDS, moved to PDS/WAITDC1A
2025-04-04 05:53:49.286375 - Found XFSAOS70.jcl (text/plain) in CBT.V508.FILE197.PDS, moved to PDS/XFSAOS70
2025-04-04 05:53:49.286499 - Found ZFDIINV0.jcl (text/plain) in CBT.V508.FILE197.PDS, moved to PDS/ZFDIINV0
